<html>
<body>
<pre>
<h1>µVision Build Log</h1>
<h2>Project:</h2>
E:\v24ce9s8\sanjay\arm\4bit lcd\lcd.uvproj
Project File Date:  10/15/2025

<h2>Output:</h2>
Build target 'Target 1'
assembling Startup.s...
compiling main.c...
4bit_lcd.h(27): error:  #20: identifier "oxf0" is undefined
4bit_lcd.h:      IOSET1=(data&oxf0)<<16;
4bit_lcd.h:                   ^
4bit_lcd.h(31): error:  #20: identifier "ox0f" is undefined
4bit_lcd.h:      IOSET1=(data&ox0f)<<20;
4bit_lcd.h:                   ^
4bit_lcd.h(41): error:  #20: identifier "oxf0" is undefined
4bit_lcd.h:      IOSET1=(data&oxf0)<<16;
4bit_lcd.h:                   ^
4bit_lcd.h(45): error:  #20: identifier "ox0f" is undefined
4bit_lcd.h:      IOSET1=(data&ox0f)<<20;
4bit_lcd.h:                   ^
4bit_lcd.h: main.c: 0 warnings, 4 errors
Target not created
Build target 'Target 1'
compiling main.c...
linking...
Program Size: Code=984 RO-data=16 RW-data=0 ZI-data=1256  
"lcd.axf" - 0 Error(s), 0 Warning(s).
Build target 'Target 1'
linking...
Program Size: Code=1256 RO-data=16 RW-data=0 ZI-data=1256  
FromELF: creating hex file...
"lcd.axf" - 0 Error(s), 0 Warning(s).
Build target 'Target 1'
compiling main.c...
linking...
Program Size: Code=1264 RO-data=16 RW-data=0 ZI-data=1256  
FromELF: creating hex file...
"lcd.axf" - 0 Error(s), 0 Warning(s).
Build target 'Target 1'
compiling main.c...
linking...
Program Size: Code=1280 RO-data=16 RW-data=0 ZI-data=1256  
FromELF: creating hex file...
"lcd.axf" - 0 Error(s), 0 Warning(s).
Build target 'Target 1'
compiling main.c...
linking...
Program Size: Code=1280 RO-data=16 RW-data=0 ZI-data=1256  
FromELF: creating hex file...
"lcd.axf" - 0 Error(s), 0 Warning(s).
Build target 'Target 1'
assembling Startup.s...
compiling main.c...
linking...
Program Size: Code=1280 RO-data=16 RW-data=0 ZI-data=1256  
FromELF: creating hex file...
"lcd.axf" - 0 Error(s), 0 Warning(s).
Build target 'Target 1'
compiling main.c...
4bit_lcd.h(22): error:  #20: identifier "I0CLR1" is undefined
4bit_lcd.h:     I0CLR1=1<<rw;
4bit_lcd.h:     ^
4bit_lcd.h: main.c: 0 warnings, 1 error
Target not created
Build target 'Target 1'
assembling Startup.s...
compiling main.c...
linking...
Program Size: Code=1292 RO-data=16 RW-data=0 ZI-data=1256  
FromELF: creating hex file...
"lcd.axf" - 0 Error(s), 0 Warning(s).
Build target 'Target 1'
linking...
Program Size: Code=1292 RO-data=16 RW-data=0 ZI-data=1256  
FromELF: creating hex file...
"lcd.axf" - 0 Error(s), 0 Warning(s).
Build target 'Target 1'
compiling main.c...
linking...
Program Size: Code=1292 RO-data=16 RW-data=0 ZI-data=1256  
FromELF: creating hex file...
"lcd.axf" - 0 Error(s), 0 Warning(s).
Build target 'Target 1'
assembling Startup.s...
compiling main.c...
linking...
Program Size: Code=1292 RO-data=16 RW-data=0 ZI-data=1256  
FromELF: creating hex file...
"lcd.axf" - 0 Error(s), 0 Warning(s).
Build target 'Target 1'
assembling Startup.s...
compiling main.c...
linking...
Program Size: Code=1316 RO-data=16 RW-data=0 ZI-data=1256  
FromELF: creating hex file...
"lcd.axf" - 0 Error(s), 0 Warning(s).
Build target 'Target 1'
compiling main.c...
linking...
Program Size: Code=1316 RO-data=16 RW-data=0 ZI-data=1256  
FromELF: creating hex file...
"lcd.axf" - 0 Error(s), 0 Warning(s).
Build target 'Target 1'
compiling main.c...
linking...
Program Size: Code=1312 RO-data=16 RW-data=0 ZI-data=1256  
FromELF: creating hex file...
"lcd.axf" - 0 Error(s), 0 Warning(s).
Build target 'Target 1'
linking...
Program Size: Code=1312 RO-data=16 RW-data=0 ZI-data=1256  
FromELF: creating hex file...
"lcd.axf" - 0 Error(s), 0 Warning(s).
Build target 'Target 1'
compiling main.c...
linking...
Program Size: Code=1312 RO-data=16 RW-data=0 ZI-data=1256  
FromELF: creating hex file...
"lcd.axf" - 0 Error(s), 0 Warning(s).
Build target 'Target 1'
assembling Startup.s...
compiling main.c...
linking...
Program Size: Code=1312 RO-data=16 RW-data=0 ZI-data=1256  
FromELF: creating hex file...
"lcd.axf" - 0 Error(s), 0 Warning(s).
Build target 'Target 1'
assembling Startup.s...
compiling main.c...
linking...
Program Size: Code=1312 RO-data=16 RW-data=0 ZI-data=1256  
FromELF: creating hex file...
"lcd.axf" - 0 Error(s), 0 Warning(s).
Build target 'Target 1'
assembling Startup.s...
compiling main.c...
linking...
Program Size: Code=1320 RO-data=16 RW-data=0 ZI-data=1256  
FromELF: creating hex file...
"lcd.axf" - 0 Error(s), 0 Warning(s).
Build target 'Target 1'
assembling Startup.s...
compiling main.c...
linking...
Program Size: Code=1320 RO-data=16 RW-data=0 ZI-data=1256  
FromELF: creating hex file...
"lcd.axf" - 0 Error(s), 0 Warning(s).
Build target 'Target 1'
assembling Startup.s...
compiling main.c...
linking...
Program Size: Code=1320 RO-data=16 RW-data=0 ZI-data=1256  
FromELF: creating hex file...
"lcd4bit.axf" - 0 Error(s), 0 Warning(s).
