<html>
<body>
<pre>
<h1>µVision Build Log</h1>
<h2>Project:</h2>
E:\v24ce9s8\sanjay\arm\4bit lcd\lcd.uvproj
Project File Date:  10/15/2025

<h2>Output:</h2>
Build target 'Target 1'
compiling main.c...
4bit_lcd.h(61): warning:  #1-D: last line of file ends without a newline
4bit_lcd.h:                                               
4bit_lcd.h:                                               ^
4bit_lcd.h: main.c: 1 warning, 0 errors
linking...
Program Size: Code=1296 RO-data=16 RW-data=0 ZI-data=1256  
FromELF: creating hex file...
"lcd4bit.axf" - 0 Error(s), 1 Warning(s).
Build target 'Target 1'
assembling Startup.s...
compiling main.c...
4bit_lcd.h(61): warning:  #1-D: last line of file ends without a newline
4bit_lcd.h:                                               
4bit_lcd.h:                                               ^
4bit_lcd.h: main.c: 1 warning, 0 errors
linking...
Program Size: Code=1296 RO-data=16 RW-data=0 ZI-data=1256  
FromELF: creating hex file...
"new.axf" - 0 Error(s), 1 Warning(s).
Build target 'Target 1'
compiling main.c...
4bit_lcd.h(61): warning:  #1-D: last line of file ends without a newline
4bit_lcd.h:                                               
4bit_lcd.h:                                               ^
4bit_lcd.h: main.c: 1 warning, 0 errors
linking...
Program Size: Code=1296 RO-data=16 RW-data=0 ZI-data=1256  
FromELF: creating hex file...
"new.axf" - 0 Error(s), 1 Warning(s).
Build target 'Target 1'
compiling main.c...
4bit_lcd.h(61): warning:  #1-D: last line of file ends without a newline
4bit_lcd.h:                                               
4bit_lcd.h:                                               ^
4bit_lcd.h: main.c: 1 warning, 0 errors
linking...
Program Size: Code=1296 RO-data=16 RW-data=0 ZI-data=1256  
FromELF: creating hex file...
"new.axf" - 0 Error(s), 1 Warning(s).
Build target 'Target 1'
compiling main.c...
4bit_lcd.h(62): warning:  #1-D: last line of file ends without a newline
4bit_lcd.h:                                               
4bit_lcd.h:                                               ^
4bit_lcd.h: main.c: 1 warning, 0 errors
linking...
Program Size: Code=1296 RO-data=16 RW-data=0 ZI-data=1256  
FromELF: creating hex file...
"new.axf" - 0 Error(s), 1 Warning(s).
Build target 'Target 1'
assembling Startup.s...
compiling main.c...
4bit_lcd.h(62): warning:  #1-D: last line of file ends without a newline
4bit_lcd.h:                                               
4bit_lcd.h:                                               ^
4bit_lcd.h: main.c: 1 warning, 0 errors
linking...
Program Size: Code=1296 RO-data=16 RW-data=0 ZI-data=1256  
FromELF: creating hex file...
"new.axf" - 0 Error(s), 1 Warning(s).
Build target 'Target 1'
compiling main.c...
4bit_lcd.h(62): warning:  #1-D: last line of file ends without a newline
4bit_lcd.h:                                               
4bit_lcd.h:                                               ^
4bit_lcd.h: main.c: 1 warning, 0 errors
linking...
Program Size: Code=1296 RO-data=16 RW-data=0 ZI-data=1256  
FromELF: creating hex file...
"new.axf" - 0 Error(s), 1 Warning(s).
Build target 'Target 1'
assembling Startup.s...
compiling main.c...
4bit_lcd.h(62): warning:  #1-D: last line of file ends without a newline
4bit_lcd.h:                                               
4bit_lcd.h:                                               ^
4bit_lcd.h: main.c: 1 warning, 0 errors
linking...
Program Size: Code=1296 RO-data=16 RW-data=0 ZI-data=1256  
FromELF: creating hex file...
"new.axf" - 0 Error(s), 1 Warning(s).
Build target 'Target 1'
assembling Startup.s...
compiling main.c...
4bit_lcd.h(64): warning:  #1-D: last line of file ends without a newline
4bit_lcd.h:                                               
4bit_lcd.h:                                               ^
4bit_lcd.h: main.c: 1 warning, 0 errors
linking...
Program Size: Code=1280 RO-data=16 RW-data=0 ZI-data=1256  
FromELF: creating hex file...
"new.axf" - 0 Error(s), 1 Warning(s).
Build target 'Target 1'
compiling main.c...
4bit_lcd.h(64): warning:  #1-D: last line of file ends without a newline
4bit_lcd.h:                                               
4bit_lcd.h:                                               ^
4bit_lcd.h: main.c: 1 warning, 0 errors
linking...
Program Size: Code=1280 RO-data=16 RW-data=0 ZI-data=1256  
FromELF: creating hex file...
"new.axf" - 0 Error(s), 1 Warning(s).
Build target 'Target 1'
assembling Startup.s...
compiling main.c...
4bit_lcd.h(68): error:  #65: expected a ";"
4bit_lcd.h:     }
4bit_lcd.h:     ^
4bit_lcd.h(76): warning:  #1-D: last line of file ends without a newline
4bit_lcd.h:                                               
4bit_lcd.h:                                               ^
4bit_lcd.h: main.c: 1 warning, 1 error
Target not created
Build target 'Target 1'
compiling main.c...
4bit_lcd.h(76): warning:  #1-D: last line of file ends without a newline
4bit_lcd.h:                                               
4bit_lcd.h:                                               ^
4bit_lcd.h: main.c: 1 warning, 0 errors
linking...
Program Size: Code=1324 RO-data=16 RW-data=0 ZI-data=1256  
FromELF: creating hex file...
"new.axf" - 0 Error(s), 1 Warning(s).
Build target 'Target 1'
assembling Startup.s...
compiling main.c...
4bit_lcd.h(76): warning:  #1-D: last line of file ends without a newline
4bit_lcd.h:                                               
4bit_lcd.h:                                               ^
4bit_lcd.h: main.c: 1 warning, 0 errors
linking...
Program Size: Code=1328 RO-data=16 RW-data=0 ZI-data=1256  
FromELF: creating hex file...
"new.axf" - 0 Error(s), 1 Warning(s).
Build target 'Target 1'
assembling Startup.s...
compiling main.c...
4bit_lcd.h(76): warning:  #1-D: last line of file ends without a newline
4bit_lcd.h:                                               
4bit_lcd.h:                                               ^
4bit_lcd.h: main.c: 1 warning, 0 errors
linking...
Program Size: Code=1328 RO-data=16 RW-data=0 ZI-data=1256  
FromELF: creating hex file...
"new.axf" - 0 Error(s), 1 Warning(s).
Build target 'Target 1'
assembling Startup.s...
compiling main.c...
4bit_lcd.h(100): warning:  #1-D: last line of file ends without a newline
4bit_lcd.h:                                               
4bit_lcd.h:                                               ^
4bit_lcd.h: main.c: 1 warning, 0 errors
linking...
Program Size: Code=1864 RO-data=16 RW-data=0 ZI-data=1256  
FromELF: creating hex file...
"new.axf" - 0 Error(s), 1 Warning(s).
Build target 'Target 1'
assembling Startup.s...
compiling main.c...
4bit_lcd.h(100): warning:  #1-D: last line of file ends without a newline
4bit_lcd.h:                                               
4bit_lcd.h:                                               ^
4bit_lcd.h: main.c: 1 warning, 0 errors
linking...
Program Size: Code=1872 RO-data=16 RW-data=0 ZI-data=1256  
FromELF: creating hex file...
"new.axf" - 0 Error(s), 1 Warning(s).
Build target 'Target 1'
assembling Startup.s...
compiling main.c...
4bit_lcd.h(100): warning:  #1-D: last line of file ends without a newline
4bit_lcd.h:                                               
4bit_lcd.h:                                               ^
4bit_lcd.h: main.c: 1 warning, 0 errors
linking...
Program Size: Code=1872 RO-data=16 RW-data=0 ZI-data=1256  
FromELF: creating hex file...
"new.axf" - 0 Error(s), 1 Warning(s).
Build target 'Target 1'
compiling main.c...
4bit_lcd.h(101): warning:  #1-D: last line of file ends without a newline
4bit_lcd.h:                                               
4bit_lcd.h:                                               ^
4bit_lcd.h: main.c: 1 warning, 0 errors
linking...
Program Size: Code=1872 RO-data=16 RW-data=0 ZI-data=1256  
FromELF: creating hex file...
"new.axf" - 0 Error(s), 1 Warning(s).
Build target 'Target 1'
assembling Startup.s...
compiling main.c...
4bit_lcd.h(101): warning:  #1-D: last line of file ends without a newline
4bit_lcd.h:                                               
4bit_lcd.h:                                               ^
4bit_lcd.h: main.c: 1 warning, 0 errors
linking...
Program Size: Code=1892 RO-data=16 RW-data=0 ZI-data=1256  
FromELF: creating hex file...
"new.axf" - 0 Error(s), 1 Warning(s).
Build target 'Target 1'
compiling main.c...
4bit_lcd.h(101): warning:  #1-D: last line of file ends without a newline
4bit_lcd.h:                                               
4bit_lcd.h:                                               ^
4bit_lcd.h: main.c: 1 warning, 0 errors
linking...
Program Size: Code=1884 RO-data=16 RW-data=0 ZI-data=1256  
FromELF: creating hex file...
"new.axf" - 0 Error(s), 1 Warning(s).
Build target 'Target 1'
compiling main.c...
4bit_lcd.h(101): warning:  #1-D: last line of file ends without a newline
4bit_lcd.h:                                               
4bit_lcd.h:                                               ^
4bit_lcd.h: main.c: 1 warning, 0 errors
linking...
Program Size: Code=1884 RO-data=16 RW-data=0 ZI-data=1256  
FromELF: creating hex file...
"new.axf" - 0 Error(s), 1 Warning(s).
Build target 'Target 1'
compiling main.c...
4bit_lcd.h(111): warning:  #1-D: last line of file ends without a newline
4bit_lcd.h:                                               
4bit_lcd.h:                                               ^
4bit_lcd.h: main.c: 1 warning, 0 errors
linking...
Program Size: Code=3112 RO-data=16 RW-data=0 ZI-data=1256  
FromELF: creating hex file...
"new.axf" - 0 Error(s), 1 Warning(s).
